Archive member included to satisfy reference by file (symbol)

../libopencm3//lib/libopencm3_stm32f0.a(gpio_common_all.o)
                              rfm69.o (gpio_set)
../libopencm3//lib/libopencm3_stm32f0.a(gpio_common_f0234.o)
                              rfm69.o (gpio_mode_setup)
../libopencm3//lib/libopencm3_stm32f0.a(spi_common_all.o)
                              rfm69.o (spi_reset)
../libopencm3//lib/libopencm3_stm32f0.a(spi_common_f03.o)
                              rfm69.o (spi_init_master)
../libopencm3//lib/libopencm3_stm32f0.a(rcc_common_all.o)
                              rfm69.o (rcc_periph_clock_enable)
../libopencm3//lib/libopencm3_stm32f0.a(vector.o)
                              (reset_handler)
/usr/local/Cellar/arm-none-eabi-gcc/5.0-2016-q1-update/bin/../lib/gcc/arm-none-eabi/5.3.1/../../../../arm-none-eabi/lib/armv6-m/libc.a(lib_a-memcpy-stub.o)
                              rfm69.o (memcpy)
/usr/local/Cellar/arm-none-eabi-gcc/5.0-2016-q1-update/bin/../lib/gcc/arm-none-eabi/5.3.1/../../../../arm-none-eabi/lib/armv6-m/libc.a(lib_a-sprintf.o)
                              ukhasnet.o (sprintf)
/usr/local/Cellar/arm-none-eabi-gcc/5.0-2016-q1-update/bin/../lib/gcc/arm-none-eabi/5.3.1/../../../../arm-none-eabi/lib/armv6-m/libc.a(lib_a-strcat.o)
                              ukhasnet.o (strcat)
/usr/local/Cellar/arm-none-eabi-gcc/5.0-2016-q1-update/bin/../lib/gcc/arm-none-eabi/5.3.1/../../../../arm-none-eabi/lib/armv6-m/libc.a(lib_a-strcpy.o)
                              /usr/local/Cellar/arm-none-eabi-gcc/5.0-2016-q1-update/bin/../lib/gcc/arm-none-eabi/5.3.1/../../../../arm-none-eabi/lib/armv6-m/libc.a(lib_a-strcat.o) (strcpy)
/usr/local/Cellar/arm-none-eabi-gcc/5.0-2016-q1-update/bin/../lib/gcc/arm-none-eabi/5.3.1/../../../../arm-none-eabi/lib/armv6-m/libc.a(lib_a-strlen-stub.o)
                              ukhasnet.o (strlen)
/usr/local/Cellar/arm-none-eabi-gcc/5.0-2016-q1-update/bin/../lib/gcc/arm-none-eabi/5.3.1/../../../../arm-none-eabi/lib/armv6-m/libc.a(lib_a-strstr.o)
                              ukhasnet.o (strstr)
/usr/local/Cellar/arm-none-eabi-gcc/5.0-2016-q1-update/bin/../lib/gcc/arm-none-eabi/5.3.1/../../../../arm-none-eabi/lib/armv6-m/libc.a(lib_a-svfprintf.o)
                              /usr/local/Cellar/arm-none-eabi-gcc/5.0-2016-q1-update/bin/../lib/gcc/arm-none-eabi/5.3.1/../../../../arm-none-eabi/lib/armv6-m/libc.a(lib_a-sprintf.o) (_svfprintf_r)
/usr/local/Cellar/arm-none-eabi-gcc/5.0-2016-q1-update/bin/../lib/gcc/arm-none-eabi/5.3.1/../../../../arm-none-eabi/lib/armv6-m/libc.a(lib_a-dtoa.o)
                              /usr/local/Cellar/arm-none-eabi-gcc/5.0-2016-q1-update/bin/../lib/gcc/arm-none-eabi/5.3.1/../../../../arm-none-eabi/lib/armv6-m/libc.a(lib_a-svfprintf.o) (_dtoa_r)
/usr/local/Cellar/arm-none-eabi-gcc/5.0-2016-q1-update/bin/../lib/gcc/arm-none-eabi/5.3.1/../../../../arm-none-eabi/lib/armv6-m/libc.a(lib_a-impure.o)
                              /usr/local/Cellar/arm-none-eabi-gcc/5.0-2016-q1-update/bin/../lib/gcc/arm-none-eabi/5.3.1/../../../../arm-none-eabi/lib/armv6-m/libc.a(lib_a-sprintf.o) (_impure_ptr)
/usr/local/Cellar/arm-none-eabi-gcc/5.0-2016-q1-update/bin/../lib/gcc/arm-none-eabi/5.3.1/../../../../arm-none-eabi/lib/armv6-m/libc.a(lib_a-locale.o)
                              /usr/local/Cellar/arm-none-eabi-gcc/5.0-2016-q1-update/bin/../lib/gcc/arm-none-eabi/5.3.1/../../../../arm-none-eabi/lib/armv6-m/libc.a(lib_a-svfprintf.o) (_localeconv_r)
/usr/local/Cellar/arm-none-eabi-gcc/5.0-2016-q1-update/bin/../lib/gcc/arm-none-eabi/5.3.1/../../../../arm-none-eabi/lib/armv6-m/libc.a(lib_a-mallocr.o)
                              /usr/local/Cellar/arm-none-eabi-gcc/5.0-2016-q1-update/bin/../lib/gcc/arm-none-eabi/5.3.1/../../../../arm-none-eabi/lib/armv6-m/libc.a(lib_a-svfprintf.o) (_malloc_r)
/usr/local/Cellar/arm-none-eabi-gcc/5.0-2016-q1-update/bin/../lib/gcc/arm-none-eabi/5.3.1/../../../../arm-none-eabi/lib/armv6-m/libc.a(lib_a-memchr-stub.o)
                              /usr/local/Cellar/arm-none-eabi-gcc/5.0-2016-q1-update/bin/../lib/gcc/arm-none-eabi/5.3.1/../../../../arm-none-eabi/lib/armv6-m/libc.a(lib_a-strstr.o) (memchr)
/usr/local/Cellar/arm-none-eabi-gcc/5.0-2016-q1-update/bin/../lib/gcc/arm-none-eabi/5.3.1/../../../../arm-none-eabi/lib/armv6-m/libc.a(lib_a-memcmp.o)
                              /usr/local/Cellar/arm-none-eabi-gcc/5.0-2016-q1-update/bin/../lib/gcc/arm-none-eabi/5.3.1/../../../../arm-none-eabi/lib/armv6-m/libc.a(lib_a-strstr.o) (memcmp)
/usr/local/Cellar/arm-none-eabi-gcc/5.0-2016-q1-update/bin/../lib/gcc/arm-none-eabi/5.3.1/../../../../arm-none-eabi/lib/armv6-m/libc.a(lib_a-mlock.o)
                              /usr/local/Cellar/arm-none-eabi-gcc/5.0-2016-q1-update/bin/../lib/gcc/arm-none-eabi/5.3.1/../../../../arm-none-eabi/lib/armv6-m/libc.a(lib_a-mallocr.o) (__malloc_lock)
[...]
Memory Configuration

Name             Origin             Length             Attributes
rom              0x0000000008000000 0x0000000000008000 xr
ram              0x0000000020000000 0x0000000000001000 xrw
*default*        0x0000000000000000 0xffffffffffffffff

Linker script and memory map

LOAD rfm69.o
LOAD ukhasnet.o
LOAD ../libopencm3//lib/libopencm3_stm32f0.a
START GROUP
LOAD /usr/local/Cellar/arm-none-eabi-gcc/5.0-2016-q1-update/bin/../lib/gcc/arm-none-eabi/5.3.1/../../../../arm-none-eabi/lib/armv6-m/libc.a
LOAD /usr/local/Cellar/arm-none-eabi-gcc/5.0-2016-q1-update/bin/../lib/gcc/arm-none-eabi/5.3.1/armv6-m/libgcc.a
LOAD /usr/local/Cellar/arm-none-eabi-gcc/5.0-2016-q1-update/bin/../lib/gcc/arm-none-eabi/5.3.1/../../../../arm-none-eabi/lib/armv6-m/libnosys.a
END GROUP
START GROUP
LOAD /usr/local/Cellar/arm-none-eabi-gcc/5.0-2016-q1-update/bin/../lib/gcc/arm-none-eabi/5.3.1/armv6-m/libgcc.a
LOAD /usr/local/Cellar/arm-none-eabi-gcc/5.0-2016-q1-update/bin/../lib/gcc/arm-none-eabi/5.3.1/../../../../arm-none-eabi/lib/armv6-m/libc.a
END GROUP

.text           0x0000000008000000     0x73d4
 *(.vectors)
 .vectors       0x0000000008000000       0xc0 ../libopencm3//lib/libopencm3_stm32f0.a(vector.o)
                0x0000000008000000                vector_table
 *(.text*)
 .text._delay_ms
                0x00000000080000c0       0x18 rfm69.o
 .text.rf69_spiRead
                0x00000000080000d8       0x5c rfm69.o
                0x00000000080000d8                rf69_spiRead
 .text.rf69_spiWrite
                0x0000000008000134       0x60 rfm69.o
                0x0000000008000134                rf69_spiWrite
 .text.rf69_spiBurstRead
                0x0000000008000194       0x6c rfm69.o
                0x0000000008000194                rf69_spiBurstRead
 .text.rf69_spiFifoWrite
                0x0000000008000200       0x7c rfm69.o
                0x0000000008000200                rf69_spiFifoWrite
 .text.rf69_setMode
                0x000000000800027c       0x24 rfm69.o
                0x000000000800027c                rf69_setMode
 .text.rf69_init
                0x00000000080002a0       0xc8 rfm69.o
                0x00000000080002a0                rf69_init
 .text.clearFifo
                0x0000000008000368       0x10 rfm69.o
                0x0000000008000368                clearFifo
 .text.checkRx  0x0000000008000378       0x4c rfm69.o
                0x0000000008000378                checkRx
 .text.rf69_recv
                0x00000000080003c4       0x24 rfm69.o
                0x00000000080003c4                rf69_recv
 .text.rf69_send
                0x00000000080003e8       0x98 rfm69.o
                0x00000000080003e8                rf69_send
 .text.rf69_readTemp
                0x0000000008000480       0x7c rfm69.o
                0x0000000008000480                rf69_readTemp
 .text.rf69_sampleRssi
                0x00000000080004fc       0x3c rfm69.o
                0x00000000080004fc                rf69_sampleRssi
 .text.incrementPacketCount
                0x0000000008000538       0x18 ukhasnet.o
                0x0000000008000538                incrementPacketCount
 .text.delay_ms
                0x0000000008000550       0x18 ukhasnet.o
                0x0000000008000550                delay_ms
 .text.transmitData
                0x0000000008000568       0x20 ukhasnet.o
                0x0000000008000568                transmitData
 .text.awaitData
                0x0000000008000588       0xc0 ukhasnet.o
                0x0000000008000588                awaitData
 .text.startup.main
                0x0000000008000648       0x8c ukhasnet.o
                0x0000000008000648                main
 .text.gpio_set
                0x00000000080006d4        0x4 ../libopencm3//lib/libopencm3_stm32f0.a(gpio_common_all.o)
                0x00000000080006d4                gpio_set
 .text.gpio_clear
                0x00000000080006d8        0x6 ../libopencm3//lib/libopencm3_stm32f0.a(gpio_common_all.o)
                0x00000000080006d8                gpio_clear
 .text.gpio_toggle
                0x00000000080006de       0x10 ../libopencm3//lib/libopencm3_stm32f0.a(gpio_common_all.o)
                0x00000000080006de                gpio_toggle
 .text.gpio_mode_setup
                0x00000000080006ee       0x3a ../libopencm3//lib/libopencm3_stm32f0.a(gpio_common_f0234.o)
                0x00000000080006ee                gpio_mode_setup
 .text.gpio_set_af
                0x0000000008000728       0x58 ../libopencm3//lib/libopencm3_stm32f0.a(gpio_common_f0234.o)
                0x0000000008000728                gpio_set_af
 .text.spi_reset
                0x0000000008000780       0x28 ../libopencm3//lib/libopencm3_stm32f0.a(spi_common_all.o)
                0x0000000008000780                spi_reset
 .text.spi_enable
                0x00000000080007a8        0xa ../libopencm3//lib/libopencm3_stm32f0.a(spi_common_all.o)
                0x00000000080007a8                spi_enable
 .text.spi_enable_software_slave_management
                0x00000000080007b2       0x16 ../libopencm3//lib/libopencm3_stm32f0.a(spi_common_all.o)
                0x00000000080007b2                spi_enable_software_slave_management
 .text.spi_set_nss_high
                0x00000000080007c8        0xc ../libopencm3//lib/libopencm3_stm32f0.a(spi_common_all.o)
                0x00000000080007c8                spi_set_nss_high
 .text.spi_init_master
                0x00000000080007d4       0x24 ../libopencm3//lib/libopencm3_stm32f0.a(spi_common_f03.o)
                0x00000000080007d4                spi_init_master
 .text.spi_send8
                0x00000000080007f8        0xc ../libopencm3//lib/libopencm3_stm32f0.a(spi_common_f03.o)
                0x00000000080007f8                spi_send8
 .text.spi_read8
                0x0000000008000804        0xe ../libopencm3//lib/libopencm3_stm32f0.a(spi_common_f03.o)
                0x0000000008000804                spi_read8
 .text.spi_fifo_reception_threshold_8bit
                0x0000000008000812        0xc ../libopencm3//lib/libopencm3_stm32f0.a(spi_common_f03.o)
                0x0000000008000812                spi_fifo_reception_threshold_8bit
 *fill*         0x000000000800081e        0x2 
 .text.rcc_periph_clock_enable
                0x0000000008000820       0x1c ../libopencm3//lib/libopencm3_stm32f0.a(rcc_common_all.o)
                0x0000000008000820                rcc_periph_clock_enable
 .text.rcc_periph_reset_pulse
                0x000000000800083c       0x20 ../libopencm3//lib/libopencm3_stm32f0.a(rcc_common_all.o)
                0x000000000800083c                rcc_periph_reset_pulse
 .text.blocking_handler
                0x000000000800085c        0x2 ../libopencm3//lib/libopencm3_stm32f0.a(vector.o)
                0x000000000800085c                exti0_1_isr
                0x000000000800085c                tim7_isr
                0x000000000800085c                blocking_handler
                0x000000000800085c                tsc_isr
                0x000000000800085c                spi1_isr
                0x000000000800085c                i2c1_isr
                0x000000000800085c                tim17_isr
                0x000000000800085c                i2c2_isr
                0x000000000800085c                usart1_isr
                0x000000000800085c                usart3_4_isr
                0x000000000800085c                tim1_cc_isr
                0x000000000800085c                exti2_3_isr
                0x000000000800085c                tim16_isr
                0x000000000800085c                pvd_isr
                0x000000000800085c                rcc_isr
                0x000000000800085c                flash_isr
                0x000000000800085c                hard_fault_handler
                0x000000000800085c                tim14_isr
                0x000000000800085c                spi2_isr
                0x000000000800085c                usb_isr
                0x000000000800085c                tim15_isr
                0x000000000800085c                tim3_isr
                0x000000000800085c                usart2_isr
                0x000000000800085c                adc_comp_isr
                0x000000000800085c                dma1_channel1_isr
                0x000000000800085c                tim6_dac_isr
                0x000000000800085c                tim1_brk_up_trg_com_isr
                0x000000000800085c                dma1_channel2_3_isr
                0x000000000800085c                exti4_15_isr
                0x000000000800085c                cec_can_isr
                0x000000000800085c                wwdg_isr
                0x000000000800085c                tim2_isr
                0x000000000800085c                dma1_channel4_5_isr
                0x000000000800085c                rtc_isr
 .text.null_handler
                0x000000000800085e        0x2 ../libopencm3//lib/libopencm3_stm32f0.a(vector.o)
                0x000000000800085e                null_handler
                0x000000000800085e                sv_call_handler
                0x000000000800085e                pend_sv_handler
                0x000000000800085e                sys_tick_handler
                0x000000000800085e                nmi_handler
 .text.reset_handler
                0x0000000008000860       0x8c ../libopencm3//lib/libopencm3_stm32f0.a(vector.o)
                0x0000000008000860                reset_handler
 .text.memcpy   0x00000000080008ec       0x7c /usr/local/Cellar/arm-none-eabi-gcc/5.0-2016-q1-update/bin/../lib/gcc/arm-none-eabi/5.3.1/../../../../arm-none-eabi/lib/armv6-m/libc.a(lib_a-memcpy-stub.o)
                0x00000000080008ec                memcpy
 .text.sprintf  0x0000000008000968       0x44 /usr/local/Cellar/arm-none-eabi-gcc/5.0-2016-q1-update/bin/../lib/gcc/arm-none-eabi/5.3.1/../../../../arm-none-eabi/lib/armv6-m/libc.a(lib_a-sprintf.o)
                0x0000000008000968                sprintf
 .text.strcat   0x00000000080009ac       0x50 /usr/local/Cellar/arm-none-eabi-gcc/5.0-2016-q1-update/bin/../lib/gcc/arm-none-eabi/5.3.1/../../../../arm-none-eabi/lib/armv6-m/libc.a(lib_a-strcat.o)
                0x00000000080009ac                strcat
 .text.strcpy   0x00000000080009fc       0x10 /usr/local/Cellar/arm-none-eabi-gcc/5.0-2016-q1-update/bin/../lib/gcc/arm-none-eabi/5.3.1/../../../../arm-none-eabi/lib/armv6-m/libc.a(lib_a-strcpy.o)
                0x00000000080009fc                strcpy
 .text.strlen   0x0000000008000a0c       0x68 /usr/local/Cellar/arm-none-eabi-gcc/5.0-2016-q1-update/bin/../lib/gcc/arm-none-eabi/5.3.1/../../../../arm-none-eabi/lib/armv6-m/libc.a(lib_a-strlen-stub.o)
                0x0000000008000a0c                strlen
 .text.critical_factorization
                0x0000000008000a74       0xc4 /usr/local/Cellar/arm-none-eabi-gcc/5.0-2016-q1-update/bin/../lib/gcc/arm-none-eabi/5.3.1/../../../../arm-none-eabi/lib/armv6-m/libc.a(lib_a-strstr.o)
 .text.two_way_long_needle
                0x0000000008000b38      0x1ec /usr/local/Cellar/arm-none-eabi-gcc/5.0-2016-q1-update/bin/../lib/gcc/arm-none-eabi/5.3.1/../../../../arm-none-eabi/lib/armv6-m/libc.a(lib_a-strstr.o)
 .text.strstr   0x0000000008000d24      0x1f4 /usr/local/Cellar/arm-none-eabi-gcc/5.0-2016-q1-update/bin/../lib/gcc/arm-none-eabi/5.3.1/../../../../arm-none-eabi/lib/armv6-m/libc.a(lib_a-strstr.o)
                0x0000000008000d24                strstr
 .text._svfprintf_r
                0x0000000008000f18     0x182c /usr/local/Cellar/arm-none-eabi-gcc/5.0-2016-q1-update/bin/../lib/gcc/arm-none-eabi/5.3.1/../../../../arm-none-eabi/lib/armv6-m/libc.a(lib_a-svfprintf.o)
                0x0000000008000f18                _svfprintf_r
 .text.quorem   0x0000000008002744      0x150 /usr/local/Cellar/arm-none-eabi-gcc/5.0-2016-q1-update/bin/../lib/gcc/arm-none-eabi/5.3.1/../../../../arm-none-eabi/lib/armv6-m/libc.a(lib_a-dtoa.o)
 .text._dtoa_r  0x0000000008002894      0xf54 /usr/local/Cellar/arm-none-eabi-gcc/5.0-2016-q1-update/bin/../lib/gcc/arm-none-eabi/5.3.1/../../../../arm-none-eabi/lib/armv6-m/libc.a(lib_a-dtoa.o)
                0x0000000008002894                _dtoa_r
 .text._localeconv_r
                0x00000000080037e8        0x8 /usr/local/Cellar/arm-none-eabi-gcc/5.0-2016-q1-update/bin/../lib/gcc/arm-none-eabi/5.3.1/../../../../arm-none-eabi/lib/armv6-m/libc.a(lib_a-locale.o)
                0x00000000080037e8                _localeconv_r
 .text._malloc_r
                0x00000000080037f0      0x554 /usr/local/Cellar/arm-none-eabi-gcc/5.0-2016-q1-update/bin/../lib/gcc/arm-none-eabi/5.3.1/../../../../arm-none-eabi/lib/armv6-m/libc.a(lib_a-mallocr.o)
                0x00000000080037f0                _malloc_r
 .text.memchr   0x0000000008003d44       0x90 /usr/local/Cellar/arm-none-eabi-gcc/5.0-2016-q1-update/bin/../lib/gcc/arm-none-eabi/5.3.1/../../../../arm-none-eabi/lib/armv6-m/libc.a(lib_a-memchr-stub.o)
                0x0000000008003d44                memchr
 .text.memcmp   0x0000000008003dd4       0x50 /usr/local/Cellar/arm-none-eabi-gcc/5.0-2016-q1-update/bin/../lib/gcc/arm-none-eabi/5.3.1/../../../../arm-none-eabi/lib/armv6-m/libc.a(lib_a-memcmp.o)
                0x0000000008003dd4                memcmp
 .text.__malloc_lock
                0x0000000008003e24        0x4 /usr/local/Cellar/arm-none-eabi-gcc/5.0-2016-q1-update/bin/../lib/gcc/arm-none-eabi/5.3.1/../../../../arm-none-eabi/lib/armv6-m/libc.a(lib_a-mlock.o)
                0x0000000008003e24                __malloc_lock
 .text.__malloc_unlock
                0x0000000008003e28        0x4 /usr/local/Cellar/arm-none-eabi-gcc/5.0-2016-q1-update/bin/../lib/gcc/arm-none-eabi/5.3.1/../../../../arm-none-eabi/lib/armv6-m/libc.a(lib_a-mlock.o)
                0x0000000008003e28                __malloc_unlock
 .text._Balloc  0x0000000008003e2c       0x50 /usr/local/Cellar/arm-none-eabi-gcc/5.0-2016-q1-update/bin/../lib/gcc/arm-none-eabi/5.3.1/../../../../arm-none-eabi/lib/armv6-m/libc.a(lib_a-mprec.o)
                0x0000000008003e2c                _Balloc
 .text._Bfree   0x0000000008003e7c       0x14 /usr/local/Cellar/arm-none-eabi-gcc/5.0-2016-q1-update/bin/../lib/gcc/arm-none-eabi/5.3.1/../../../../arm-none-eabi/lib/armv6-m/libc.a(lib_a-mprec.o)
                0x0000000008003e7c                _Bfree
 .text.__multadd
                0x0000000008003e90       0x8c /usr/local/Cellar/arm-none-eabi-gcc/5.0-2016-q1-update/bin/../lib/gcc/arm-none-eabi/5.3.1/../../../../arm-none-eabi/lib/armv6-m/libc.a(lib_a-mprec.o)
                0x0000000008003e90                __multadd
 .text.__hi0bits
                0x0000000008003f1c       0x3c /usr/local/Cellar/arm-none-eabi-gcc/5.0-2016-q1-update/bin/../lib/gcc/arm-none-eabi/5.3.1/../../../../arm-none-eabi/lib/armv6-m/libc.a(lib_a-mprec.o)
                0x0000000008003f1c                __hi0bits
 .text.__lo0bits
                0x0000000008003f58       0x5c /usr/local/Cellar/arm-none-eabi-gcc/5.0-2016-q1-update/bin/../lib/gcc/arm-none-eabi/5.3.1/../../../../arm-none-eabi/lib/armv6-m/libc.a(lib_a-mprec.o)
                0x0000000008003f58                __lo0bits
 .text.__i2b    0x0000000008003fb4       0x14 /usr/local/Cellar/arm-none-eabi-gcc/5.0-2016-q1-update/bin/../lib/gcc/arm-none-eabi/5.3.1/../../../../arm-none-eabi/lib/armv6-m/libc.a(lib_a-mprec.o)
                0x0000000008003fb4                __i2b
 .text.__multiply
                0x0000000008003fc8      0x15c /usr/local/Cellar/arm-none-eabi-gcc/5.0-2016-q1-update/bin/../lib/gcc/arm-none-eabi/5.3.1/../../../../arm-none-eabi/lib/armv6-m/libc.a(lib_a-mprec.o)
                0x0000000008003fc8                __multiply
 .text.__pow5mult
                0x0000000008004124       0xbc /usr/local/Cellar/arm-none-eabi-gcc/5.0-2016-q1-update/bin/../lib/gcc/arm-none-eabi/5.3.1/../../../../arm-none-eabi/lib/armv6-m/libc.a(lib_a-mprec.o)
                0x0000000008004124                __pow5mult
 .text.__lshift
                0x00000000080041e0       0xc0 /usr/local/Cellar/arm-none-eabi-gcc/5.0-2016-q1-update/bin/../lib/gcc/arm-none-eabi/5.3.1/../../../../arm-none-eabi/lib/armv6-m/libc.a(lib_a-mprec.o)
                0x00000000080041e0                __lshift
 .text.__mcmp   0x00000000080042a0       0x3c /usr/local/Cellar/arm-none-eabi-gcc/5.0-2016-q1-update/bin/../lib/gcc/arm-none-eabi/5.3.1/../../../../arm-none-eabi/lib/armv6-m/libc.a(lib_a-mprec.o)
                0x00000000080042a0                __mcmp
 .text.__mdiff  0x00000000080042dc      0x11c /usr/local/Cellar/arm-none-eabi-gcc/5.0-2016-q1-update/bin/../lib/gcc/arm-none-eabi/5.3.1/../../../../arm-none-eabi/lib/armv6-m/libc.a(lib_a-mprec.o)
                0x00000000080042dc                __mdiff
 .text.__d2b    0x00000000080043f8       0xbc /usr/local/Cellar/arm-none-eabi-gcc/5.0-2016-q1-update/bin/../lib/gcc/arm-none-eabi/5.3.1/../../../../arm-none-eabi/lib/armv6-m/libc.a(lib_a-mprec.o)
                0x00000000080043f8                __d2b
 .text._sbrk_r  0x00000000080044b4       0x24 /usr/local/Cellar/arm-none-eabi-gcc/5.0-2016-q1-update/bin/../lib/gcc/arm-none-eabi/5.3.1/../../../../arm-none-eabi/lib/armv6-m/libc.a(lib_a-sbrkr.o)
                0x00000000080044b4                _sbrk_r
 .text.strchr   0x00000000080044d8       0xdc /usr/local/Cellar/arm-none-eabi-gcc/5.0-2016-q1-update/bin/../lib/gcc/arm-none-eabi/5.3.1/../../../../arm-none-eabi/lib/armv6-m/libc.a(lib_a-strchr.o)
                0x00000000080044d8                strchr
 .text.__ssprint_r
                0x00000000080045b4      0x130 /usr/local/Cellar/arm-none-eabi-gcc/5.0-2016-q1-update/bin/../lib/gcc/arm-none-eabi/5.3.1/../../../../arm-none-eabi/lib/armv6-m/libc.a(lib_a-svfiprintf.o)
                0x00000000080045b4                __ssprint_r
 .text._calloc_r
                0x00000000080046e4       0x60 /usr/local/Cellar/arm-none-eabi-gcc/5.0-2016-q1-update/bin/../lib/gcc/arm-none-eabi/5.3.1/../../../../arm-none-eabi/lib/armv6-m/libc.a(lib_a-callocr.o)
                0x00000000080046e4                _calloc_r
 .text._malloc_trim_r
                0x0000000008004744       0xa0 /usr/local/Cellar/arm-none-eabi-gcc/5.0-2016-q1-update/bin/../lib/gcc/arm-none-eabi/5.3.1/../../../../arm-none-eabi/lib/armv6-m/libc.a(lib_a-freer.o)
                0x0000000008004744                _malloc_trim_r
 .text._free_r  0x00000000080047e4      0x1c4 /usr/local/Cellar/arm-none-eabi-gcc/5.0-2016-q1-update/bin/../lib/gcc/arm-none-eabi/5.3.1/../../../../arm-none-eabi/lib/armv6-m/libc.a(lib_a-freer.o)
                0x00000000080047e4                _free_r
 .text.memmove  0x00000000080049a8       0x98 /usr/local/Cellar/arm-none-eabi-gcc/5.0-2016-q1-update/bin/../lib/gcc/arm-none-eabi/5.3.1/../../../../arm-none-eabi/lib/armv6-m/libc.a(lib_a-memmove.o)
                0x00000000080049a8                memmove
 .text.memset   0x0000000008004a40       0x8c /usr/local/Cellar/arm-none-eabi-gcc/5.0-2016-q1-update/bin/../lib/gcc/arm-none-eabi/5.3.1/../../../../arm-none-eabi/lib/armv6-m/libc.a(lib_a-memset.o)
                0x0000000008004a40                memset
 .text._realloc_r
                0x0000000008004acc      0x3dc /usr/local/Cellar/arm-none-eabi-gcc/5.0-2016-q1-update/bin/../lib/gcc/arm-none-eabi/5.3.1/../../../../arm-none-eabi/lib/armv6-m/libc.a(lib_a-reallocr.o)
                0x0000000008004acc                _realloc_r
 .text          0x0000000008004ea8      0x114 /usr/local/Cellar/arm-none-eabi-gcc/5.0-2016-q1-update/bin/../lib/gcc/arm-none-eabi/5.3.1/armv6-m/libgcc.a(_udivsi3.o)
                0x0000000008004ea8                __udivsi3
                0x0000000008004ea8                __aeabi_uidiv
                0x0000000008004fb4                __aeabi_uidivmod
 .text          0x0000000008004fbc      0x1d4 /usr/local/Cellar/arm-none-eabi-gcc/5.0-2016-q1-update/bin/../lib/gcc/arm-none-eabi/5.3.1/armv6-m/libgcc.a(_divsi3.o)
                0x0000000008004fbc                __aeabi_idiv
                0x0000000008004fbc                __divsi3
                0x0000000008005188                __aeabi_idivmod
 .text          0x0000000008005190        0x4 /usr/local/Cellar/arm-none-eabi-gcc/5.0-2016-q1-update/bin/../lib/gcc/arm-none-eabi/5.3.1/armv6-m/libgcc.a(_dvmd_tls.o)
                0x0000000008005190                __aeabi_ldiv0
                0x0000000008005190                __aeabi_idiv0
 .text          0x0000000008005194       0x7c /usr/local/Cellar/arm-none-eabi-gcc/5.0-2016-q1-update/bin/../lib/gcc/arm-none-eabi/5.3.1/armv6-m/libgcc.a(_arm_cmpdf2.o)
                0x0000000008005194                __aeabi_cdrcmple
                0x00000000080051a4                __aeabi_cdcmple
                0x00000000080051a4                __aeabi_cdcmpeq
                0x00000000080051b4                __aeabi_dcmpeq
                0x00000000080051c0                __aeabi_dcmplt
                0x00000000080051d4                __aeabi_dcmple
                0x00000000080051e8                __aeabi_dcmpgt
                0x00000000080051fc                __aeabi_dcmpge
 .text          0x0000000008005210       0x40 /usr/local/Cellar/arm-none-eabi-gcc/5.0-2016-q1-update/bin/../lib/gcc/arm-none-eabi/5.3.1/armv6-m/libgcc.a(_aeabi_uldivmod.o)
                0x0000000008005210                __aeabi_uldivmod
 .text          0x0000000008005250      0x180 /usr/local/Cellar/arm-none-eabi-gcc/5.0-2016-q1-update/bin/../lib/gcc/arm-none-eabi/5.3.1/armv6-m/libgcc.a(_udivmoddi4.o)
                0x0000000008005250                __udivmoddi4
 .text          0x00000000080053d0      0x658 /usr/local/Cellar/arm-none-eabi-gcc/5.0-2016-q1-update/bin/../lib/gcc/arm-none-eabi/5.3.1/armv6-m/libgcc.a(adddf3.o)
                0x00000000080053d0                __aeabi_dadd
 .text          0x0000000008005a28      0x62c /usr/local/Cellar/arm-none-eabi-gcc/5.0-2016-q1-update/bin/../lib/gcc/arm-none-eabi/5.3.1/armv6-m/libgcc.a(divdf3.o)
                0x0000000008005a28                __aeabi_ddiv
 .text          0x0000000008006054       0x80 /usr/local/Cellar/arm-none-eabi-gcc/5.0-2016-q1-update/bin/../lib/gcc/arm-none-eabi/5.3.1/armv6-m/libgcc.a(eqdf2.o)
                0x0000000008006054                __eqdf2
                0x0000000008006054                __nedf2
 .text          0x00000000080060d4       0xc8 /usr/local/Cellar/arm-none-eabi-gcc/5.0-2016-q1-update/bin/../lib/gcc/arm-none-eabi/5.3.1/armv6-m/libgcc.a(gedf2.o)
                0x00000000080060d4                __gtdf2
                0x00000000080060d4                __gedf2
 .text          0x000000000800619c       0xd4 /usr/local/Cellar/arm-none-eabi-gcc/5.0-2016-q1-update/bin/../lib/gcc/arm-none-eabi/5.3.1/armv6-m/libgcc.a(ledf2.o)
                0x000000000800619c                __ltdf2
                0x000000000800619c                __ledf2
 .text          0x0000000008006270      0x4f4 /usr/local/Cellar/arm-none-eabi-gcc/5.0-2016-q1-update/bin/../lib/gcc/arm-none-eabi/5.3.1/armv6-m/libgcc.a(muldf3.o)
                0x0000000008006270                __aeabi_dmul
 .text          0x0000000008006764      0x6a8 /usr/local/Cellar/arm-none-eabi-gcc/5.0-2016-q1-update/bin/../lib/gcc/arm-none-eabi/5.3.1/armv6-m/libgcc.a(subdf3.o)
                0x0000000008006764                __aeabi_dsub
 .text          0x0000000008006e0c       0x40 /usr/local/Cellar/arm-none-eabi-gcc/5.0-2016-q1-update/bin/../lib/gcc/arm-none-eabi/5.3.1/armv6-m/libgcc.a(unorddf2.o)
                0x0000000008006e0c                __aeabi_dcmpun
 .text          0x0000000008006e4c       0x6c /usr/local/Cellar/arm-none-eabi-gcc/5.0-2016-q1-update/bin/../lib/gcc/arm-none-eabi/5.3.1/armv6-m/libgcc.a(fixdfsi.o)
                0x0000000008006e4c                __aeabi_d2iz
 .text          0x0000000008006eb8       0x84 /usr/local/Cellar/arm-none-eabi-gcc/5.0-2016-q1-update/bin/../lib/gcc/arm-none-eabi/5.3.1/armv6-m/libgcc.a(floatsidf.o)
                0x0000000008006eb8                __aeabi_i2d
 .text          0x0000000008006f3c       0x70 /usr/local/Cellar/arm-none-eabi-gcc/5.0-2016-q1-update/bin/../lib/gcc/arm-none-eabi/5.3.1/armv6-m/libgcc.a(floatunsidf.o)
                0x0000000008006f3c                __aeabi_ui2d
 .text          0x0000000008006fac       0x3c /usr/local/Cellar/arm-none-eabi-gcc/5.0-2016-q1-update/bin/../lib/gcc/arm-none-eabi/5.3.1/armv6-m/libgcc.a(_clzsi2.o)
                0x0000000008006fac                __clzsi2
 .text          0x0000000008006fe8       0x18 /usr/local/Cellar/arm-none-eabi-gcc/5.0-2016-q1-update/bin/../lib/gcc/arm-none-eabi/5.3.1/armv6-m/libgcc.a(_clzdi2.o)
                0x0000000008006fe8                __clzdi2
 .text._sbrk    0x0000000008007000       0x1c /usr/local/Cellar/arm-none-eabi-gcc/5.0-2016-q1-update/bin/../lib/gcc/arm-none-eabi/5.3.1/../../../../arm-none-eabi/lib/armv6-m/libnosys.a(sbrk.o)
                0x0000000008007000                _sbrk
                0x000000000800701c                . = ALIGN (0x4)
 *(.rodata*)
 .rodata.CONFIG
                0x000000000800701c       0x38 rfm69.o
 .rodata.str1.1
                0x0000000008007054       0x16 ukhasnet.o
                                         0x18 (size before relaxing)
 *fill*         0x000000000800706a        0x2 
 .rodata._svfprintf_r
                0x000000000800706c      0x164 /usr/local/Cellar/arm-none-eabi-gcc/5.0-2016-q1-update/bin/../lib/gcc/arm-none-eabi/5.3.1/../../../../arm-none-eabi/lib/armv6-m/libc.a(lib_a-svfprintf.o)
 .rodata.zeroes.7035
                0x00000000080071d0       0x10 /usr/local/Cellar/arm-none-eabi-gcc/5.0-2016-q1-update/bin/../lib/gcc/arm-none-eabi/5.3.1/../../../../arm-none-eabi/lib/armv6-m/libc.a(lib_a-svfprintf.o)
 .rodata.str1.4
                0x00000000080071e0       0x42 /usr/local/Cellar/arm-none-eabi-gcc/5.0-2016-q1-update/bin/../lib/gcc/arm-none-eabi/5.3.1/../../../../arm-none-eabi/lib/armv6-m/libc.a(lib_a-svfprintf.o)
 *fill*         0x0000000008007222        0x2 
 .rodata.blanks.7034
                0x0000000008007224       0x10 /usr/local/Cellar/arm-none-eabi-gcc/5.0-2016-q1-update/bin/../lib/gcc/arm-none-eabi/5.3.1/../../../../arm-none-eabi/lib/armv6-m/libc.a(lib_a-svfprintf.o)
 .rodata.str1.4
                0x0000000008007234       0x10 /usr/local/Cellar/arm-none-eabi-gcc/5.0-2016-q1-update/bin/../lib/gcc/arm-none-eabi/5.3.1/../../../../arm-none-eabi/lib/armv6-m/libc.a(lib_a-dtoa.o)
                                         0x12 (size before relaxing)
 .rodata.str1.4
                0x0000000008007244        0x2 /usr/local/Cellar/arm-none-eabi-gcc/5.0-2016-q1-update/bin/../lib/gcc/arm-none-eabi/5.3.1/../../../../arm-none-eabi/lib/armv6-m/libc.a(lib_a-impure.o)
 *fill*         0x0000000008007246        0x2 
 .rodata.str1.4
                0x0000000008007248        0xc /usr/local/Cellar/arm-none-eabi-gcc/5.0-2016-q1-update/bin/../lib/gcc/arm-none-eabi/5.3.1/../../../../arm-none-eabi/lib/armv6-m/libc.a(lib_a-locale.o)
                                         0x12 (size before relaxing)
 *fill*         0x0000000008007254        0x4 
 .rodata.__mprec_tens
                0x0000000008007258       0xc8 /usr/local/Cellar/arm-none-eabi-gcc/5.0-2016-q1-update/bin/../lib/gcc/arm-none-eabi/5.3.1/../../../../arm-none-eabi/lib/armv6-m/libc.a(lib_a-mprec.o)
                0x0000000008007258                __mprec_tens
 .rodata.__mprec_bigtens
                0x0000000008007320       0x28 /usr/local/Cellar/arm-none-eabi-gcc/5.0-2016-q1-update/bin/../lib/gcc/arm-none-eabi/5.3.1/../../../../arm-none-eabi/lib/armv6-m/libc.a(lib_a-mprec.o)
                0x0000000008007320                __mprec_bigtens
 .rodata.p05.5373
                0x0000000008007348        0xc /usr/local/Cellar/arm-none-eabi-gcc/5.0-2016-q1-update/bin/../lib/gcc/arm-none-eabi/5.3.1/../../../../arm-none-eabi/lib/armv6-m/libc.a(lib_a-mprec.o)
 .rodata        0x0000000008007354       0x40 /usr/local/Cellar/arm-none-eabi-gcc/5.0-2016-q1-update/bin/../lib/gcc/arm-none-eabi/5.3.1/armv6-m/libgcc.a(divdf3.o)
 .rodata        0x0000000008007394       0x40 /usr/local/Cellar/arm-none-eabi-gcc/5.0-2016-q1-update/bin/../lib/gcc/arm-none-eabi/5.3.1/armv6-m/libgcc.a(muldf3.o)
                0x00000000080073d4                . = ALIGN (0x4)

.glue_7         0x00000000080073d4        0x0
 .glue_7        0x00000000080073d4        0x0 linker stubs

.glue_7t        0x00000000080073d4        0x0
 .glue_7t       0x00000000080073d4        0x0 linker stubs

.vfp11_veneer   0x00000000080073d4        0x0
 .vfp11_veneer  0x00000000080073d4        0x0 linker stubs

.v4_bx          0x00000000080073d4        0x0
 .v4_bx         0x00000000080073d4        0x0 linker stubs

.iplt           0x00000000080073d4        0x0
 .iplt          0x00000000080073d4        0x0 rfm69.o

.preinit_array  0x00000000080073d4        0x0
                0x00000000080073d4                . = ALIGN (0x4)
                0x00000000080073d4                __preinit_array_start = .
 *(.preinit_array)
                0x00000000080073d4                __preinit_array_end = .

.init_array     0x00000000080073d4        0x0
                0x00000000080073d4                . = ALIGN (0x4)
                0x00000000080073d4                __init_array_start = .
 *(SORT(.init_array.*))
 *(.init_array)
                0x00000000080073d4                __init_array_end = .

.fini_array     0x00000000080073d4        0x0
                0x00000000080073d4                . = ALIGN (0x4)
                0x00000000080073d4                __fini_array_start = .
 *(.fini_array)
 *(SORT(.fini_array.*))
                0x00000000080073d4                __fini_array_end = .

.ARM.extab
 *(.ARM.extab*)

.ARM.exidx      0x00000000080073d4        0x8
                0x00000000080073d4                __exidx_start = .
 *(.ARM.exidx*)
 .ARM.exidx     0x00000000080073d4        0x8 /usr/local/Cellar/arm-none-eabi-gcc/5.0-2016-q1-update/bin/../lib/gcc/arm-none-eabi/5.3.1/armv6-m/libgcc.a(_udivmoddi4.o)
                0x00000000080073dc                __exidx_end = .

.rel.dyn        0x00000000080073dc        0x0
 .rel.iplt      0x00000000080073dc        0x0 rfm69.o
                0x00000000080073dc                . = ALIGN (0x4)
                0x00000000080073dc                _etext = .

.data           0x0000000020000000      0x87c load address 0x00000000080073dc
                0x0000000020000000                _data = .
 *(.data*)
 .data.data_count
                0x0000000020000000        0x1 ukhasnet.o
                0x0000000020000000                data_count
 *fill*         0x0000000020000001        0x7 
 .data.impure_data
                0x0000000020000008      0x428 /usr/local/Cellar/arm-none-eabi-gcc/5.0-2016-q1-update/bin/../lib/gcc/arm-none-eabi/5.3.1/../../../../arm-none-eabi/lib/armv6-m/libc.a(lib_a-impure.o)
 .data._impure_ptr
                0x0000000020000430        0x4 /usr/local/Cellar/arm-none-eabi-gcc/5.0-2016-q1-update/bin/../lib/gcc/arm-none-eabi/5.3.1/../../../../arm-none-eabi/lib/armv6-m/libc.a(lib_a-impure.o)
                0x0000000020000430                _impure_ptr
 .data.lconv    0x0000000020000434       0x38 /usr/local/Cellar/arm-none-eabi-gcc/5.0-2016-q1-update/bin/../lib/gcc/arm-none-eabi/5.3.1/../../../../arm-none-eabi/lib/armv6-m/libc.a(lib_a-locale.o)
 .data.__malloc_av_
                0x000000002000046c      0x408 /usr/local/Cellar/arm-none-eabi-gcc/5.0-2016-q1-update/bin/../lib/gcc/arm-none-eabi/5.3.1/../../../../arm-none-eabi/lib/armv6-m/libc.a(lib_a-mallocr.o)
                0x000000002000046c                __malloc_av_
 .data.__malloc_trim_threshold
                0x0000000020000874        0x4 /usr/local/Cellar/arm-none-eabi-gcc/5.0-2016-q1-update/bin/../lib/gcc/arm-none-eabi/5.3.1/../../../../arm-none-eabi/lib/armv6-m/libc.a(lib_a-mallocr.o)
                0x0000000020000874                __malloc_trim_threshold
 .data.__malloc_sbrk_base
                0x0000000020000878        0x4 /usr/local/Cellar/arm-none-eabi-gcc/5.0-2016-q1-update/bin/../lib/gcc/arm-none-eabi/5.3.1/../../../../arm-none-eabi/lib/armv6-m/libc.a(lib_a-mallocr.o)
                0x0000000020000878                __malloc_sbrk_base
                0x000000002000087c                . = ALIGN (0x4)
                0x000000002000087c                _edata = .
                0x00000000080073dc                _data_loadaddr = LOADADDR (.data)

.igot.plt       0x000000002000087c        0x0 load address 0x0000000008007c58
 .igot.plt      0x000000002000087c        0x0 rfm69.o

.bss            0x000000002000087c       0xcc load address 0x0000000008007c58
 *(.bss*)
 .bss._lastRssi
                0x000000002000087c        0x2 rfm69.o
                0x000000002000087c                _lastRssi
 .bss._bufLen   0x000000002000087e        0x1 rfm69.o
                0x000000002000087e                _bufLen
 .bss._buf      0x000000002000087f       0x40 rfm69.o
                0x000000002000087f                _buf
 .bss._mode     0x00000000200008bf        0x1 rfm69.o
 .bss.rx_packets
                0x00000000200008c0        0x4 ukhasnet.o
                0x00000000200008c0                rx_packets
 .bss.data_temp
                0x00000000200008c4       0x42 ukhasnet.o
                0x00000000200008c4                data_temp
 *fill*         0x0000000020000906        0x2 
 .bss.random_output
                0x0000000020000908        0x4 ukhasnet.o
                0x0000000020000908                random_output
 .bss.__malloc_max_total_mem
                0x000000002000090c        0x4 /usr/local/Cellar/arm-none-eabi-gcc/5.0-2016-q1-update/bin/../lib/gcc/arm-none-eabi/5.3.1/../../../../arm-none-eabi/lib/armv6-m/libc.a(lib_a-mallocr.o)
                0x000000002000090c                __malloc_max_total_mem
 .bss.__malloc_max_sbrked_mem
                0x0000000020000910        0x4 /usr/local/Cellar/arm-none-eabi-gcc/5.0-2016-q1-update/bin/../lib/gcc/arm-none-eabi/5.3.1/../../../../arm-none-eabi/lib/armv6-m/libc.a(lib_a-mallocr.o)
                0x0000000020000910                __malloc_max_sbrked_mem
 .bss.__malloc_top_pad
                0x0000000020000914        0x4 /usr/local/Cellar/arm-none-eabi-gcc/5.0-2016-q1-update/bin/../lib/gcc/arm-none-eabi/5.3.1/../../../../arm-none-eabi/lib/armv6-m/libc.a(lib_a-mallocr.o)
                0x0000000020000914                __malloc_top_pad
 .bss.__malloc_current_mallinfo
                0x0000000020000918       0x28 /usr/local/Cellar/arm-none-eabi-gcc/5.0-2016-q1-update/bin/../lib/gcc/arm-none-eabi/5.3.1/../../../../arm-none-eabi/lib/armv6-m/libc.a(lib_a-mallocr.o)
                0x0000000020000918                __malloc_current_mallinfo
 .bss.heap_end.4167
                0x0000000020000940        0x4 /usr/local/Cellar/arm-none-eabi-gcc/5.0-2016-q1-update/bin/../lib/gcc/arm-none-eabi/5.3.1/../../../../arm-none-eabi/lib/armv6-m/libnosys.a(sbrk.o)
 *(COMMON)
 COMMON         0x0000000020000944        0x4 /usr/local/Cellar/arm-none-eabi-gcc/5.0-2016-q1-update/bin/../lib/gcc/arm-none-eabi/5.3.1/../../../../arm-none-eabi/lib/armv6-m/libc.a(lib_a-reent.o)
                0x0000000020000944                errno
                0x0000000020000948                . = ALIGN (0x4)
                0x0000000020000948                _ebss = .

/DISCARD/
 *(.eh_frame)
                0x0000000020000948                . = ALIGN (0x4)
                0x0000000020000948                end = .
                0x0000000020001000                PROVIDE (_stack, (ORIGIN (ram) + LENGTH (ram)))
OUTPUT(ukhasnet.elf elf32-littlearm)

.debug_info     0x0000000000000000     0x2baf
 .debug_info    0x0000000000000000      0xe45 rfm69.o
 .debug_info    0x0000000000000e45      0x710 ukhasnet.o
 .debug_info    0x0000000000001555      0x22c ../libopencm3//lib/libopencm3_stm32f0.a(gpio_common_all.o)
 .debug_info    0x0000000000001781      0x1f5 ../libopencm3//lib/libopencm3_stm32f0.a(gpio_common_f0234.o)
 .debug_info    0x0000000000001976      0x8f1 ../libopencm3//lib/libopencm3_stm32f0.a(spi_common_all.o)
 .debug_info    0x0000000000002267      0x264 ../libopencm3//lib/libopencm3_stm32f0.a(spi_common_f03.o)
 .debug_info    0x00000000000024cb      0x43d ../libopencm3//lib/libopencm3_stm32f0.a(rcc_common_all.o)
 .debug_info    0x0000000000002908      0x2a7 ../libopencm3//lib/libopencm3_stm32f0.a(vector.o)

.debug_abbrev   0x0000000000000000      0xac0
 .debug_abbrev  0x0000000000000000      0x20e rfm69.o
 .debug_abbrev  0x000000000000020e      0x237 ukhasnet.o
 .debug_abbrev  0x0000000000000445      0x10e ../libopencm3//lib/libopencm3_stm32f0.a(gpio_common_all.o)
 .debug_abbrev  0x0000000000000553       0xb7 ../libopencm3//lib/libopencm3_stm32f0.a(gpio_common_f0234.o)
 .debug_abbrev  0x000000000000060a      0x198 ../libopencm3//lib/libopencm3_stm32f0.a(spi_common_all.o)
 .debug_abbrev  0x00000000000007a2       0xd3 ../libopencm3//lib/libopencm3_stm32f0.a(spi_common_f03.o)
 .debug_abbrev  0x0000000000000875      0x105 ../libopencm3//lib/libopencm3_stm32f0.a(rcc_common_all.o)
 .debug_abbrev  0x000000000000097a      0x146 ../libopencm3//lib/libopencm3_stm32f0.a(vector.o)

.debug_loc      0x0000000000000000      0xaa8
 .debug_loc     0x0000000000000000      0x3cf rfm69.o
 .debug_loc     0x00000000000003cf      0x110 ukhasnet.o
 .debug_loc     0x00000000000004df       0x97 ../libopencm3//lib/libopencm3_stm32f0.a(gpio_common_all.o)
 .debug_loc     0x0000000000000576      0x173 ../libopencm3//lib/libopencm3_stm32f0.a(gpio_common_f0234.o)
 .debug_loc     0x00000000000006e9      0x133 ../libopencm3//lib/libopencm3_stm32f0.a(spi_common_all.o)
 .debug_loc     0x000000000000081c       0xc9 ../libopencm3//lib/libopencm3_stm32f0.a(spi_common_f03.o)
 .debug_loc     0x00000000000008e5       0xe7 ../libopencm3//lib/libopencm3_stm32f0.a(rcc_common_all.o)
 .debug_loc     0x00000000000009cc       0xdc ../libopencm3//lib/libopencm3_stm32f0.a(vector.o)

.debug_aranges  0x0000000000000000      0x3b8
 .debug_aranges
                0x0000000000000000       0x98 rfm69.o
 .debug_aranges
                0x0000000000000098       0x40 ukhasnet.o
 .debug_aranges
                0x00000000000000d8       0x50 ../libopencm3//lib/libopencm3_stm32f0.a(gpio_common_all.o)
 .debug_aranges
                0x0000000000000128       0x30 ../libopencm3//lib/libopencm3_stm32f0.a(gpio_common_f0234.o)
 .debug_aranges
                0x0000000000000158      0x178 ../libopencm3//lib/libopencm3_stm32f0.a(spi_common_all.o)
 .debug_aranges
                0x00000000000002d0       0x60 ../libopencm3//lib/libopencm3_stm32f0.a(spi_common_f03.o)
 .debug_aranges
                0x0000000000000330       0x58 ../libopencm3//lib/libopencm3_stm32f0.a(rcc_common_all.o)
 .debug_aranges
                0x0000000000000388       0x30 ../libopencm3//lib/libopencm3_stm32f0.a(vector.o)

.debug_ranges   0x0000000000000000      0x350
 .debug_ranges  0x0000000000000000       0x88 rfm69.o
 .debug_ranges  0x0000000000000088       0x48 ukhasnet.o
 .debug_ranges  0x00000000000000d0       0x40 ../libopencm3//lib/libopencm3_stm32f0.a(gpio_common_all.o)
 .debug_ranges  0x0000000000000110       0x20 ../libopencm3//lib/libopencm3_stm32f0.a(gpio_common_f0234.o)
 .debug_ranges  0x0000000000000130      0x168 ../libopencm3//lib/libopencm3_stm32f0.a(spi_common_all.o)
 .debug_ranges  0x0000000000000298       0x50 ../libopencm3//lib/libopencm3_stm32f0.a(spi_common_f03.o)
 .debug_ranges  0x00000000000002e8       0x48 ../libopencm3//lib/libopencm3_stm32f0.a(rcc_common_all.o)
 .debug_ranges  0x0000000000000330       0x20 ../libopencm3//lib/libopencm3_stm32f0.a(vector.o)

.debug_line     0x0000000000000000     0x1fec
 .debug_line    0x0000000000000000      0x41b rfm69.o
 .debug_line    0x000000000000041b      0x2c6 ukhasnet.o
 .debug_line    0x00000000000006e1      0x3ad ../libopencm3//lib/libopencm3_stm32f0.a(gpio_common_all.o)
 .debug_line    0x0000000000000a8e      0x3a3 ../libopencm3//lib/libopencm3_stm32f0.a(gpio_common_f0234.o)
 .debug_line    0x0000000000000e31      0x6c1 ../libopencm3//lib/libopencm3_stm32f0.a(spi_common_all.o)
 .debug_line    0x00000000000014f2      0x3ed ../libopencm3//lib/libopencm3_stm32f0.a(spi_common_f03.o)
 .debug_line    0x00000000000018df      0x38d ../libopencm3//lib/libopencm3_stm32f0.a(rcc_common_all.o)
 .debug_line    0x0000000000001c6c      0x380 ../libopencm3//lib/libopencm3_stm32f0.a(vector.o)

.debug_str      0x0000000000000000     0xa719
 .debug_str     0x0000000000000000      0x4f3 rfm69.o
                                        0x5bd (size before relaxing)
 .debug_str     0x00000000000004f3      0x112 ukhasnet.o
                                        0x50f (size before relaxing)
 .debug_str     0x0000000000000605     0x525a ../libopencm3//lib/libopencm3_stm32f0.a(gpio_common_all.o)
                                       0x5407 (size before relaxing)
 .debug_str     0x000000000000585f       0x79 ../libopencm3//lib/libopencm3_stm32f0.a(gpio_common_f0234.o)
                                       0x5429 (size before relaxing)
 .debug_str     0x00000000000058d8     0x3a15 ../libopencm3//lib/libopencm3_stm32f0.a(spi_common_all.o)
                                       0x7976 (size before relaxing)
 .debug_str     0x00000000000092ed       0xaa ../libopencm3//lib/libopencm3_stm32f0.a(spi_common_f03.o)
                                       0x74ac (size before relaxing)
 .debug_str     0x0000000000009397      0x102 ../libopencm3//lib/libopencm3_stm32f0.a(rcc_common_all.o)
                                       0x668d (size before relaxing)
 .debug_str     0x0000000000009499     0x1280 ../libopencm3//lib/libopencm3_stm32f0.a(vector.o)
                                       0x4898 (size before relaxing)

.comment        0x0000000000000000       0x6e
 .comment       0x0000000000000000       0x6e rfm69.o
                                         0x6f (size before relaxing)
 .comment       0x000000000000006e       0x6f ukhasnet.o
 .comment       0x000000000000006e       0x6f ../libopencm3//lib/libopencm3_stm32f0.a(gpio_common_all.o)
 .comment       0x000000000000006e       0x6f ../libopencm3//lib/libopencm3_stm32f0.a(gpio_common_f0234.o)
 .comment       0x000000000000006e       0x6f ../libopencm3//lib/libopencm3_stm32f0.a(spi_common_all.o)
 .comment       0x000000000000006e       0x6f ../libopencm3//lib/libopencm3_stm32f0.a(spi_common_f03.o)
 .comment       0x000000000000006e       0x6f ../libopencm3//lib/libopencm3_stm32f0.a(rcc_common_all.o)
 .comment       0x000000000000006e       0x6f ../libopencm3//lib/libopencm3_stm32f0.a(vector.o)

.ARM.attributes
                0x0000000000000000       0x2f
 .ARM.attributes
                0x0000000000000000       0x31 rfm69.o
 .ARM.attributes
                0x0000000000000031       0x31 ukhasnet.o
 .ARM.attributes
                0x0000000000000062       0x31 ../libopencm3//lib/libopencm3_stm32f0.a(gpio_common_all.o)
 .ARM.attributes
                0x0000000000000093       0x31 ../libopencm3//lib/libopencm3_stm32f0.a(gpio_common_f0234.o)
 .ARM.attributes
                0x00000000000000c4       0x31 ../libopencm3//lib/libopencm3_stm32f0.a(spi_common_all.o)
 .ARM.attributes
                0x00000000000000f5       0x31 ../libopencm3//lib/libopencm3_stm32f0.a(spi_common_f03.o)
 .ARM.attributes
                0x0000000000000126       0x31 ../libopencm3//lib/libopencm3_stm32f0.a(rcc_common_all.o)
 .ARM.attributes
                0x0000000000000157       0x31 ../libopencm3//lib/libopencm3_stm32f0.a(vector.o)
 .ARM.attributes
                0x0000000000000188       0x2c /usr/local/Cellar/arm-none-eabi-gcc/5.0-2016-q1-update/bin/../lib/gcc/arm-none-eabi/5.3.1/../../../../arm-none-eabi/lib/armv6-m/libc.a(lib_a-memcpy-stub.o)
 .ARM.attributes
                0x00000000000001b4       0x2c /usr/local/Cellar/arm-none-eabi-gcc/5.0-2016-q1-update/bin/../lib/gcc/arm-none-eabi/5.3.1/../../../../arm-none-eabi/lib/armv6-m/libc.a(lib_a-sprintf.o)
 .ARM.attributes
                0x00000000000001e0       0x2c /usr/local/Cellar/arm-none-eabi-gcc/5.0-2016-q1-update/bin/../lib/gcc/arm-none-eabi/5.3.1/../../../../arm-none-eabi/lib/armv6-m/libc.a(lib_a-strcat.o)
 .ARM.attributes
                0x000000000000020c       0x2c /usr/local/Cellar/arm-none-eabi-gcc/5.0-2016-q1-update/bin/../lib/gcc/arm-none-eabi/5.3.1/../../../../arm-none-eabi/lib/armv6-m/libc.a(lib_a-strcpy.o)
 .ARM.attributes
                0x0000000000000238       0x2c /usr/local/Cellar/arm-none-eabi-gcc/5.0-2016-q1-update/bin/../lib/gcc/arm-none-eabi/5.3.1/../../../../arm-none-eabi/lib/armv6-m/libc.a(lib_a-strlen-stub.o)
 .ARM.attributes
                0x0000000000000264       0x2c /usr/local/Cellar/arm-none-eabi-gcc/5.0-2016-q1-update/bin/../lib/gcc/arm-none-eabi/5.3.1/../../../../arm-none-eabi/lib/armv6-m/libc.a(lib_a-strstr.o)
 .ARM.attributes
                0x0000000000000290       0x2c /usr/local/Cellar/arm-none-eabi-gcc/5.0-2016-q1-update/bin/../lib/gcc/arm-none-eabi/5.3.1/../../../../arm-none-eabi/lib/armv6-m/libc.a(lib_a-svfprintf.o)
 .ARM.attributes
                0x00000000000002bc       0x2c /usr/local/Cellar/arm-none-eabi-gcc/5.0-2016-q1-update/bin/../lib/gcc/arm-none-eabi/5.3.1/../../../../arm-none-eabi/lib/armv6-m/libc.a(lib_a-dtoa.o)
 .ARM.attributes
                0x00000000000002e8       0x2c /usr/local/Cellar/arm-none-eabi-gcc/5.0-2016-q1-update/bin/../lib/gcc/arm-none-eabi/5.3.1/../../../../arm-none-eabi/lib/armv6-m/libc.a(lib_a-impure.o)
 .ARM.attributes
                0x0000000000000314       0x2c /usr/local/Cellar/arm-none-eabi-gcc/5.0-2016-q1-update/bin/../lib/gcc/arm-none-eabi/5.3.1/../../../../arm-none-eabi/lib/armv6-m/libc.a(lib_a-locale.o)
 .ARM.attributes
                0x0000000000000340       0x2c /usr/local/Cellar/arm-none-eabi-gcc/5.0-2016-q1-update/bin/../lib/gcc/arm-none-eabi/5.3.1/../../../../arm-none-eabi/lib/armv6-m/libc.a(lib_a-mallocr.o)
 .ARM.attributes
                0x000000000000036c       0x2c /usr/local/Cellar/arm-none-eabi-gcc/5.0-2016-q1-update/bin/../lib/gcc/arm-none-eabi/5.3.1/../../../../arm-none-eabi/lib/armv6-m/libc.a(lib_a-memchr-stub.o)
 .ARM.attributes
                0x0000000000000398       0x2c /usr/local/Cellar/arm-none-eabi-gcc/5.0-2016-q1-update/bin/../lib/gcc/arm-none-eabi/5.3.1/../../../../arm-none-eabi/lib/armv6-m/libc.a(lib_a-memcmp.o)
 .ARM.attributes
                0x00000000000003c4       0x2c /usr/local/Cellar/arm-none-eabi-gcc/5.0-2016-q1-update/bin/../lib/gcc/arm-none-eabi/5.3.1/../../../../arm-none-eabi/lib/armv6-m/libc.a(lib_a-mlock.o)
 .ARM.attributes
                0x00000000000003f0       0x2c /usr/local/Cellar/arm-none-eabi-gcc/5.0-2016-q1-update/bin/../lib/gcc/arm-none-eabi/5.3.1/../../../../arm-none-eabi/lib/armv6-m/libc.a(lib_a-mprec.o)
 .ARM.attributes
                0x000000000000041c       0x2c /usr/local/Cellar/arm-none-eabi-gcc/5.0-2016-q1-update/bin/../lib/gcc/arm-none-eabi/5.3.1/../../../../arm-none-eabi/lib/armv6-m/libc.a(lib_a-sbrkr.o)
 .ARM.attributes
                0x0000000000000448       0x2c /usr/local/Cellar/arm-none-eabi-gcc/5.0-2016-q1-update/bin/../lib/gcc/arm-none-eabi/5.3.1/../../../../arm-none-eabi/lib/armv6-m/libc.a(lib_a-strchr.o)
 .ARM.attributes
                0x0000000000000474       0x2c /usr/local/Cellar/arm-none-eabi-gcc/5.0-2016-q1-update/bin/../lib/gcc/arm-none-eabi/5.3.1/../../../../arm-none-eabi/lib/armv6-m/libc.a(lib_a-svfiprintf.o)
 .ARM.attributes
                0x00000000000004a0       0x2c /usr/local/Cellar/arm-none-eabi-gcc/5.0-2016-q1-update/bin/../lib/gcc/arm-none-eabi/5.3.1/../../../../arm-none-eabi/lib/armv6-m/libc.a(lib_a-callocr.o)
 .ARM.attributes
                0x00000000000004cc       0x2c /usr/local/Cellar/arm-none-eabi-gcc/5.0-2016-q1-update/bin/../lib/gcc/arm-none-eabi/5.3.1/../../../../arm-none-eabi/lib/armv6-m/libc.a(lib_a-freer.o)
 .ARM.attributes
                0x00000000000004f8       0x2c /usr/local/Cellar/arm-none-eabi-gcc/5.0-2016-q1-update/bin/../lib/gcc/arm-none-eabi/5.3.1/../../../../arm-none-eabi/lib/armv6-m/libc.a(lib_a-memmove.o)
 .ARM.attributes
                0x0000000000000524       0x2c /usr/local/Cellar/arm-none-eabi-gcc/5.0-2016-q1-update/bin/../lib/gcc/arm-none-eabi/5.3.1/../../../../arm-none-eabi/lib/armv6-m/libc.a(lib_a-memset.o)
 .ARM.attributes
                0x0000000000000550       0x2c /usr/local/Cellar/arm-none-eabi-gcc/5.0-2016-q1-update/bin/../lib/gcc/arm-none-eabi/5.3.1/../../../../arm-none-eabi/lib/armv6-m/libc.a(lib_a-reallocr.o)
 .ARM.attributes
                0x000000000000057c       0x2c /usr/local/Cellar/arm-none-eabi-gcc/5.0-2016-q1-update/bin/../lib/gcc/arm-none-eabi/5.3.1/../../../../arm-none-eabi/lib/armv6-m/libc.a(lib_a-reent.o)
 .ARM.attributes
                0x00000000000005a8       0x1e /usr/local/Cellar/arm-none-eabi-gcc/5.0-2016-q1-update/bin/../lib/gcc/arm-none-eabi/5.3.1/armv6-m/libgcc.a(_udivsi3.o)
 .ARM.attributes
                0x00000000000005c6       0x1e /usr/local/Cellar/arm-none-eabi-gcc/5.0-2016-q1-update/bin/../lib/gcc/arm-none-eabi/5.3.1/armv6-m/libgcc.a(_divsi3.o)
 .ARM.attributes
                0x00000000000005e4       0x1e /usr/local/Cellar/arm-none-eabi-gcc/5.0-2016-q1-update/bin/../lib/gcc/arm-none-eabi/5.3.1/armv6-m/libgcc.a(_dvmd_tls.o)
 .ARM.attributes
                0x0000000000000602       0x1e /usr/local/Cellar/arm-none-eabi-gcc/5.0-2016-q1-update/bin/../lib/gcc/arm-none-eabi/5.3.1/armv6-m/libgcc.a(_arm_cmpdf2.o)
 .ARM.attributes
                0x0000000000000620       0x1e /usr/local/Cellar/arm-none-eabi-gcc/5.0-2016-q1-update/bin/../lib/gcc/arm-none-eabi/5.3.1/armv6-m/libgcc.a(_aeabi_uldivmod.o)
 .ARM.attributes
                0x000000000000063e       0x2c /usr/local/Cellar/arm-none-eabi-gcc/5.0-2016-q1-update/bin/../lib/gcc/arm-none-eabi/5.3.1/armv6-m/libgcc.a(_udivmoddi4.o)
 .ARM.attributes
                0x000000000000066a       0x2c /usr/local/Cellar/arm-none-eabi-gcc/5.0-2016-q1-update/bin/../lib/gcc/arm-none-eabi/5.3.1/armv6-m/libgcc.a(adddf3.o)
 .ARM.attributes
                0x0000000000000696       0x2c /usr/local/Cellar/arm-none-eabi-gcc/5.0-2016-q1-update/bin/../lib/gcc/arm-none-eabi/5.3.1/armv6-m/libgcc.a(divdf3.o)
 .ARM.attributes
                0x00000000000006c2       0x2c /usr/local/Cellar/arm-none-eabi-gcc/5.0-2016-q1-update/bin/../lib/gcc/arm-none-eabi/5.3.1/armv6-m/libgcc.a(eqdf2.o)
 .ARM.attributes
                0x00000000000006ee       0x2c /usr/local/Cellar/arm-none-eabi-gcc/5.0-2016-q1-update/bin/../lib/gcc/arm-none-eabi/5.3.1/armv6-m/libgcc.a(gedf2.o)
 .ARM.attributes
                0x000000000000071a       0x2c /usr/local/Cellar/arm-none-eabi-gcc/5.0-2016-q1-update/bin/../lib/gcc/arm-none-eabi/5.3.1/armv6-m/libgcc.a(ledf2.o)
 .ARM.attributes
                0x0000000000000746       0x2c /usr/local/Cellar/arm-none-eabi-gcc/5.0-2016-q1-update/bin/../lib/gcc/arm-none-eabi/5.3.1/armv6-m/libgcc.a(muldf3.o)
 .ARM.attributes
                0x0000000000000772       0x2c /usr/local/Cellar/arm-none-eabi-gcc/5.0-2016-q1-update/bin/../lib/gcc/arm-none-eabi/5.3.1/armv6-m/libgcc.a(subdf3.o)
 .ARM.attributes
                0x000000000000079e       0x2c /usr/local/Cellar/arm-none-eabi-gcc/5.0-2016-q1-update/bin/../lib/gcc/arm-none-eabi/5.3.1/armv6-m/libgcc.a(unorddf2.o)
 .ARM.attributes
                0x00000000000007ca       0x2c /usr/local/Cellar/arm-none-eabi-gcc/5.0-2016-q1-update/bin/../lib/gcc/arm-none-eabi/5.3.1/armv6-m/libgcc.a(fixdfsi.o)
 .ARM.attributes
                0x00000000000007f6       0x2c /usr/local/Cellar/arm-none-eabi-gcc/5.0-2016-q1-update/bin/../lib/gcc/arm-none-eabi/5.3.1/armv6-m/libgcc.a(floatsidf.o)
 .ARM.attributes
                0x0000000000000822       0x2c /usr/local/Cellar/arm-none-eabi-gcc/5.0-2016-q1-update/bin/../lib/gcc/arm-none-eabi/5.3.1/armv6-m/libgcc.a(floatunsidf.o)
 .ARM.attributes
                0x000000000000084e       0x1e /usr/local/Cellar/arm-none-eabi-gcc/5.0-2016-q1-update/bin/../lib/gcc/arm-none-eabi/5.3.1/armv6-m/libgcc.a(_clzsi2.o)
 .ARM.attributes
                0x000000000000086c       0x1e /usr/local/Cellar/arm-none-eabi-gcc/5.0-2016-q1-update/bin/../lib/gcc/arm-none-eabi/5.3.1/armv6-m/libgcc.a(_clzdi2.o)
 .ARM.attributes
                0x000000000000088a       0x2c /usr/local/Cellar/arm-none-eabi-gcc/5.0-2016-q1-update/bin/../lib/gcc/arm-none-eabi/5.3.1/../../../../arm-none-eabi/lib/armv6-m/libnosys.a(sbrk.o)

.debug_frame    0x0000000000000000     0x1288
 .debug_frame   0x0000000000000000      0x1b0 rfm69.o
 .debug_frame   0x00000000000001b0       0x8c ukhasnet.o
 .debug_frame   0x000000000000023c       0x80 ../libopencm3//lib/libopencm3_stm32f0.a(gpio_common_all.o)
 .debug_frame   0x00000000000002bc       0x78 ../libopencm3//lib/libopencm3_stm32f0.a(gpio_common_f0234.o)
 .debug_frame   0x0000000000000334      0x2e0 ../libopencm3//lib/libopencm3_stm32f0.a(spi_common_all.o)
 .debug_frame   0x0000000000000614       0xac ../libopencm3//lib/libopencm3_stm32f0.a(spi_common_f03.o)
 .debug_frame   0x00000000000006c0       0xb0 ../libopencm3//lib/libopencm3_stm32f0.a(rcc_common_all.o)
 .debug_frame   0x0000000000000770       0x40 ../libopencm3//lib/libopencm3_stm32f0.a(vector.o)
 .debug_frame   0x00000000000007b0       0x2c /usr/local/Cellar/arm-none-eabi-gcc/5.0-2016-q1-update/bin/../lib/gcc/arm-none-eabi/5.3.1/../../../../arm-none-eabi/lib/armv6-m/libc.a(lib_a-memcpy-stub.o)
 .debug_frame   0x00000000000007dc       0x50 /usr/local/Cellar/arm-none-eabi-gcc/5.0-2016-q1-update/bin/../lib/gcc/arm-none-eabi/5.3.1/../../../../arm-none-eabi/lib/armv6-m/libc.a(lib_a-sprintf.o)
 .debug_frame   0x000000000000082c       0x2c /usr/local/Cellar/arm-none-eabi-gcc/5.0-2016-q1-update/bin/../lib/gcc/arm-none-eabi/5.3.1/../../../../arm-none-eabi/lib/armv6-m/libc.a(lib_a-strcat.o)
 .debug_frame   0x0000000000000858       0x20 /usr/local/Cellar/arm-none-eabi-gcc/5.0-2016-q1-update/bin/../lib/gcc/arm-none-eabi/5.3.1/../../../../arm-none-eabi/lib/armv6-m/libc.a(lib_a-strcpy.o)
 .debug_frame   0x0000000000000878       0x28 /usr/local/Cellar/arm-none-eabi-gcc/5.0-2016-q1-update/bin/../lib/gcc/arm-none-eabi/5.3.1/../../../../arm-none-eabi/lib/armv6-m/libc.a(lib_a-strlen-stub.o)
 .debug_frame   0x00000000000008a0       0x8c /usr/local/Cellar/arm-none-eabi-gcc/5.0-2016-q1-update/bin/../lib/gcc/arm-none-eabi/5.3.1/../../../../arm-none-eabi/lib/armv6-m/libc.a(lib_a-strstr.o)
 .debug_frame   0x000000000000092c       0x3c /usr/local/Cellar/arm-none-eabi-gcc/5.0-2016-q1-update/bin/../lib/gcc/arm-none-eabi/5.3.1/../../../../arm-none-eabi/lib/armv6-m/libc.a(lib_a-svfprintf.o)
 .debug_frame   0x0000000000000968       0x68 /usr/local/Cellar/arm-none-eabi-gcc/5.0-2016-q1-update/bin/../lib/gcc/arm-none-eabi/5.3.1/../../../../arm-none-eabi/lib/armv6-m/libc.a(lib_a-dtoa.o)
 .debug_frame   0x00000000000009d0       0xa4 /usr/local/Cellar/arm-none-eabi-gcc/5.0-2016-q1-update/bin/../lib/gcc/arm-none-eabi/5.3.1/../../../../arm-none-eabi/lib/armv6-m/libc.a(lib_a-locale.o)
 .debug_frame   0x0000000000000a74       0x3c /usr/local/Cellar/arm-none-eabi-gcc/5.0-2016-q1-update/bin/../lib/gcc/arm-none-eabi/5.3.1/../../../../arm-none-eabi/lib/armv6-m/libc.a(lib_a-mallocr.o)
 .debug_frame   0x0000000000000ab0       0x2c /usr/local/Cellar/arm-none-eabi-gcc/5.0-2016-q1-update/bin/../lib/gcc/arm-none-eabi/5.3.1/../../../../arm-none-eabi/lib/armv6-m/libc.a(lib_a-memchr-stub.o)
 .debug_frame   0x0000000000000adc       0x2c /usr/local/Cellar/arm-none-eabi-gcc/5.0-2016-q1-update/bin/../lib/gcc/arm-none-eabi/5.3.1/../../../../arm-none-eabi/lib/armv6-m/libc.a(lib_a-memcmp.o)
 .debug_frame   0x0000000000000b08       0x30 /usr/local/Cellar/arm-none-eabi-gcc/5.0-2016-q1-update/bin/../lib/gcc/arm-none-eabi/5.3.1/../../../../arm-none-eabi/lib/armv6-m/libc.a(lib_a-mlock.o)
 .debug_frame   0x0000000000000b38      0x258 /usr/local/Cellar/arm-none-eabi-gcc/5.0-2016-q1-update/bin/../lib/gcc/arm-none-eabi/5.3.1/../../../../arm-none-eabi/lib/armv6-m/libc.a(lib_a-mprec.o)
 .debug_frame   0x0000000000000d90       0x2c /usr/local/Cellar/arm-none-eabi-gcc/5.0-2016-q1-update/bin/../lib/gcc/arm-none-eabi/5.3.1/../../../../arm-none-eabi/lib/armv6-m/libc.a(lib_a-sbrkr.o)
 .debug_frame   0x0000000000000dbc       0x2c /usr/local/Cellar/arm-none-eabi-gcc/5.0-2016-q1-update/bin/../lib/gcc/arm-none-eabi/5.3.1/../../../../arm-none-eabi/lib/armv6-m/libc.a(lib_a-strchr.o)
 .debug_frame   0x0000000000000de8       0x68 /usr/local/Cellar/arm-none-eabi-gcc/5.0-2016-q1-update/bin/../lib/gcc/arm-none-eabi/5.3.1/../../../../arm-none-eabi/lib/armv6-m/libc.a(lib_a-svfiprintf.o)
 .debug_frame   0x0000000000000e50       0x28 /usr/local/Cellar/arm-none-eabi-gcc/5.0-2016-q1-update/bin/../lib/gcc/arm-none-eabi/5.3.1/../../../../arm-none-eabi/lib/armv6-m/libc.a(lib_a-callocr.o)
 .debug_frame   0x0000000000000e78       0x54 /usr/local/Cellar/arm-none-eabi-gcc/5.0-2016-q1-update/bin/../lib/gcc/arm-none-eabi/5.3.1/../../../../arm-none-eabi/lib/armv6-m/libc.a(lib_a-freer.o)
 .debug_frame   0x0000000000000ecc       0x2c /usr/local/Cellar/arm-none-eabi-gcc/5.0-2016-q1-update/bin/../lib/gcc/arm-none-eabi/5.3.1/../../../../arm-none-eabi/lib/armv6-m/libc.a(lib_a-memmove.o)
 .debug_frame   0x0000000000000ef8       0x2c /usr/local/Cellar/arm-none-eabi-gcc/5.0-2016-q1-update/bin/../lib/gcc/arm-none-eabi/5.3.1/../../../../arm-none-eabi/lib/armv6-m/libc.a(lib_a-memset.o)
 .debug_frame   0x0000000000000f24       0x3c /usr/local/Cellar/arm-none-eabi-gcc/5.0-2016-q1-update/bin/../lib/gcc/arm-none-eabi/5.3.1/../../../../arm-none-eabi/lib/armv6-m/libc.a(lib_a-reallocr.o)
 .debug_frame   0x0000000000000f60       0x48 /usr/local/Cellar/arm-none-eabi-gcc/5.0-2016-q1-update/bin/../lib/gcc/arm-none-eabi/5.3.1/../../../../arm-none-eabi/lib/armv6-m/libc.a(lib_a-reent.o)
 .debug_frame   0x0000000000000fa8       0x20 /usr/local/Cellar/arm-none-eabi-gcc/5.0-2016-q1-update/bin/../lib/gcc/arm-none-eabi/5.3.1/armv6-m/libgcc.a(_udivsi3.o)
 .debug_frame   0x0000000000000fc8       0x20 /usr/local/Cellar/arm-none-eabi-gcc/5.0-2016-q1-update/bin/../lib/gcc/arm-none-eabi/5.3.1/armv6-m/libgcc.a(_divsi3.o)
 .debug_frame   0x0000000000000fe8       0x3c /usr/local/Cellar/arm-none-eabi-gcc/5.0-2016-q1-update/bin/../lib/gcc/arm-none-eabi/5.3.1/armv6-m/libgcc.a(_udivmoddi4.o)
 .debug_frame   0x0000000000001024       0x3c /usr/local/Cellar/arm-none-eabi-gcc/5.0-2016-q1-update/bin/../lib/gcc/arm-none-eabi/5.3.1/armv6-m/libgcc.a(adddf3.o)
 .debug_frame   0x0000000000001060       0x3c /usr/local/Cellar/arm-none-eabi-gcc/5.0-2016-q1-update/bin/../lib/gcc/arm-none-eabi/5.3.1/armv6-m/libgcc.a(divdf3.o)
 .debug_frame   0x000000000000109c       0x38 /usr/local/Cellar/arm-none-eabi-gcc/5.0-2016-q1-update/bin/../lib/gcc/arm-none-eabi/5.3.1/armv6-m/libgcc.a(eqdf2.o)
 .debug_frame   0x00000000000010d4       0x38 /usr/local/Cellar/arm-none-eabi-gcc/5.0-2016-q1-update/bin/../lib/gcc/arm-none-eabi/5.3.1/armv6-m/libgcc.a(gedf2.o)
 .debug_frame   0x000000000000110c       0x38 /usr/local/Cellar/arm-none-eabi-gcc/5.0-2016-q1-update/bin/../lib/gcc/arm-none-eabi/5.3.1/armv6-m/libgcc.a(ledf2.o)
 .debug_frame   0x0000000000001144       0x3c /usr/local/Cellar/arm-none-eabi-gcc/5.0-2016-q1-update/bin/../lib/gcc/arm-none-eabi/5.3.1/armv6-m/libgcc.a(muldf3.o)
 .debug_frame   0x0000000000001180       0x38 /usr/local/Cellar/arm-none-eabi-gcc/5.0-2016-q1-update/bin/../lib/gcc/arm-none-eabi/5.3.1/armv6-m/libgcc.a(subdf3.o)
 .debug_frame   0x00000000000011b8       0x2c /usr/local/Cellar/arm-none-eabi-gcc/5.0-2016-q1-update/bin/../lib/gcc/arm-none-eabi/5.3.1/armv6-m/libgcc.a(unorddf2.o)
 .debug_frame   0x00000000000011e4       0x2c /usr/local/Cellar/arm-none-eabi-gcc/5.0-2016-q1-update/bin/../lib/gcc/arm-none-eabi/5.3.1/armv6-m/libgcc.a(fixdfsi.o)
 .debug_frame   0x0000000000001210       0x2c /usr/local/Cellar/arm-none-eabi-gcc/5.0-2016-q1-update/bin/../lib/gcc/arm-none-eabi/5.3.1/armv6-m/libgcc.a(floatsidf.o)
 .debug_frame   0x000000000000123c       0x2c /usr/local/Cellar/arm-none-eabi-gcc/5.0-2016-q1-update/bin/../lib/gcc/arm-none-eabi/5.3.1/armv6-m/libgcc.a(floatunsidf.o)
 .debug_frame   0x0000000000001268       0x20 /usr/local/Cellar/arm-none-eabi-gcc/5.0-2016-q1-update/bin/../lib/gcc/arm-none-eabi/5.3.1/../../../../arm-none-eabi/lib/armv6-m/libnosys.a(sbrk.o)

.debug_macro    0x0000000000000000     0x2621
 .debug_macro   0x0000000000000000       0xd7 ../libopencm3//lib/libopencm3_stm32f0.a(gpio_common_all.o)
 .debug_macro   0x00000000000000d7      0x826 ../libopencm3//lib/libopencm3_stm32f0.a(gpio_common_all.o)
 .debug_macro   0x00000000000008fd       0x22 ../libopencm3//lib/libopencm3_stm32f0.a(gpio_common_all.o)
 .debug_macro   0x000000000000091f       0x87 ../libopencm3//lib/libopencm3_stm32f0.a(gpio_common_all.o)
 .debug_macro   0x00000000000009a6       0x44 ../libopencm3//lib/libopencm3_stm32f0.a(gpio_common_all.o)
 .debug_macro   0x00000000000009ea       0xfd ../libopencm3//lib/libopencm3_stm32f0.a(gpio_common_all.o)
 .debug_macro   0x0000000000000ae7       0x22 ../libopencm3//lib/libopencm3_stm32f0.a(gpio_common_all.o)
 .debug_macro   0x0000000000000b09      0x1df ../libopencm3//lib/libopencm3_stm32f0.a(gpio_common_all.o)
 .debug_macro   0x0000000000000ce8       0x22 ../libopencm3//lib/libopencm3_stm32f0.a(gpio_common_all.o)
 .debug_macro   0x0000000000000d0a       0xfa ../libopencm3//lib/libopencm3_stm32f0.a(gpio_common_all.o)
 .debug_macro   0x0000000000000e04       0x34 ../libopencm3//lib/libopencm3_stm32f0.a(gpio_common_all.o)
 .debug_macro   0x0000000000000e38      0x15a ../libopencm3//lib/libopencm3_stm32f0.a(gpio_common_all.o)
 .debug_macro   0x0000000000000f92       0x76 ../libopencm3//lib/libopencm3_stm32f0.a(gpio_common_all.o)
 .debug_macro   0x0000000000001008      0x2e6 ../libopencm3//lib/libopencm3_stm32f0.a(gpio_common_all.o)
 .debug_macro   0x00000000000012ee      0x14e ../libopencm3//lib/libopencm3_stm32f0.a(gpio_common_all.o)
 .debug_macro   0x000000000000143c       0x3a ../libopencm3//lib/libopencm3_stm32f0.a(gpio_common_all.o)
 .debug_macro   0x0000000000001476       0xd7 ../libopencm3//lib/libopencm3_stm32f0.a(gpio_common_f0234.o)
 .debug_macro   0x000000000000154d       0xdb ../libopencm3//lib/libopencm3_stm32f0.a(spi_common_all.o)
 .debug_macro   0x0000000000001628      0x2eb ../libopencm3//lib/libopencm3_stm32f0.a(spi_common_all.o)
 .debug_macro   0x0000000000001913       0xca ../libopencm3//lib/libopencm3_stm32f0.a(spi_common_all.o)
 .debug_macro   0x00000000000019dd      0x71c ../libopencm3//lib/libopencm3_stm32f0.a(spi_common_all.o)
 .debug_macro   0x00000000000020f9       0xdb ../libopencm3//lib/libopencm3_stm32f0.a(spi_common_f03.o)
 .debug_macro   0x00000000000021d4       0xcf ../libopencm3//lib/libopencm3_stm32f0.a(rcc_common_all.o)
 .debug_macro   0x00000000000022a3       0xd0 ../libopencm3//lib/libopencm3_stm32f0.a(vector.o)
 .debug_macro   0x0000000000002373      0x19e ../libopencm3//lib/libopencm3_stm32f0.a(vector.o)
 .debug_macro   0x0000000000002511       0x46 ../libopencm3//lib/libopencm3_stm32f0.a(vector.o)
 .debug_macro   0x0000000000002557       0xca ../libopencm3//lib/libopencm3_stm32f0.a(vector.o)
